GowinSynthesis start
Running parser ...
Analyzing VHDL file 'D:\FPGA_practice\i2c_sensors\i2c_fpga\src\top.vhd'
Analyzing entity 'top'("D:\FPGA_practice\i2c_sensors\i2c_fpga\src\top.vhd":4)
Analyzing architecture 'beavioral'("D:\FPGA_practice\i2c_sensors\i2c_fpga\src\top.vhd":15)
Analyzing VHDL file 'D:\FPGA_practice\i2c_sensors\i2c_fpga\src\clock.vhd'
Analyzing entity 'clock_divider'("D:\FPGA_practice\i2c_sensors\i2c_fpga\src\clock.vhd":5)
Analyzing architecture 'bhv'("D:\FPGA_practice\i2c_sensors\i2c_fpga\src\clock.vhd":9)
Analyzing VHDL file 'D:\FPGA_practice\i2c_sensors\i2c_fpga\src\uart_tx.vhd'
Analyzing entity 'uart_tx'("D:\FPGA_practice\i2c_sensors\i2c_fpga\src\uart_tx.vhd":5)
Analyzing architecture 'behavioural'("D:\FPGA_practice\i2c_sensors\i2c_fpga\src\uart_tx.vhd":23)
Processing 'top(beavioral)'("D:\FPGA_practice\i2c_sensors\i2c_fpga\src\top.vhd":4)
Processing 'Clock_Divider(bhv)'("D:\FPGA_practice\i2c_sensors\i2c_fpga\src\clock.vhd":5)
WARN  (EX4749) : 'tmp' should be on the sensitivity list of the process. Signal missing is added and assuming complete sensitivity list specified. RTL design and post-synthesis netlist simulations may differ as a result("D:\FPGA_practice\i2c_sensors\i2c_fpga\src\clock.vhd":33)
WARN  (EX4387) : Incomplete sensitivity list specified, assuming completeness("D:\FPGA_practice\i2c_sensors\i2c_fpga\src\clock.vhd":34)
Processing 'uart_tx(behavioural)'("D:\FPGA_practice\i2c_sensors\i2c_fpga\src\uart_tx.vhd":5)
NOTE  (EX0101) : Current top module is "top"
[5%] Running netlist conversion ...
Running device independent optimization ...
[10%] Optimizing Phase 0 completed
[15%] Optimizing Phase 1 completed
[25%] Optimizing Phase 2 completed
Running inference ...
[30%] Inferring Phase 0 completed
[40%] Inferring Phase 1 completed
[50%] Inferring Phase 2 completed
[55%] Inferring Phase 3 completed
Running technical mapping ...
[60%] Tech-Mapping Phase 0 completed
[65%] Tech-Mapping Phase 1 completed
[75%] Tech-Mapping Phase 2 completed
[80%] Tech-Mapping Phase 3 completed
[90%] Tech-Mapping Phase 4 completed
[95%] Generate netlist file "D:\FPGA_practice\i2c_sensors\i2c_fpga\impl\gwsynthesis\i2c_fpga.vg" completed
[100%] Generate report file "D:\FPGA_practice\i2c_sensors\i2c_fpga\impl\gwsynthesis\i2c_fpga_syn.rpt.html" completed
GowinSynthesis finish
