Reading netlist file: "D:\FPGA_practice\i2c_sensors\i2c_fpga\impl\gwsynthesis\i2c_fpga.vg"
Parsing netlist file "D:\FPGA_practice\i2c_sensors\i2c_fpga\impl\gwsynthesis\i2c_fpga.vg" completed
Processing netlist completed
Reading constraint file: "D:\FPGA_practice\i2c_sensors\i2c_fpga\src\i2c_fpga.cst"
Physical Constraint parsed completed
Running placement......
[10%] Placement Phase 0 completed
[20%] Placement Phase 1 completed
[30%] Placement Phase 2 completed
WARN  (TA1132) :  'clk' was determined to be a clock but was not created.
[50%] Placement Phase 3 completed
Running routing......
[60%] Routing Phase 0 completed
[70%] Routing Phase 1 completed
[80%] Routing Phase 2 completed
WARN  (PR1014) : Generic routing resource will be used to clock signal 'clk_d' by the specified constraint. And then it may lead to the excessive delay or skew
[90%] Routing Phase 3 completed
Running timing analysis......
[95%] Timing analysis completed
Placement and routing completed
Bitstream generation in progress......
Bitstream generation completed
Running power analysis......
[100%] Power analysis completed
Generate file "D:\FPGA_practice\i2c_sensors\i2c_fpga\impl\pnr\i2c_fpga.power.html" completed
Generate file "D:\FPGA_practice\i2c_sensors\i2c_fpga\impl\pnr\i2c_fpga.pin.html" completed
Generate file "D:\FPGA_practice\i2c_sensors\i2c_fpga\impl\pnr\i2c_fpga.rpt.html" completed
Generate file "D:\FPGA_practice\i2c_sensors\i2c_fpga\impl\pnr\i2c_fpga.rpt.txt" completed
Generate file "D:\FPGA_practice\i2c_sensors\i2c_fpga\impl\pnr\i2c_fpga.tr.html" completed
Fri Aug 14 22:40:23 2026

